/*
 В строке буквы 'A' заменяются на 'B', затем 'B' на 'С'.
 Простейший тест на прогонку.
*/

/***********************************************/
/*          исходная программа                 */
/***********************************************/
$ENTRY Go {
	 e.x = <G <F e.x>>;
}

F {
	            = ;
	'A' e.1     = 'B'<F e.1>;	
	s.Other e.1 = s.Other <F e.1>;
}

G {
	            = ;
	'B' e.1     = 'C'<G e.1>;
	s.Other e.1 = s.Other <G e.1>;
}

/***********************************************/
/*          остаточная программа               */
/***********************************************/

/*
$ENTRY Go {
 e.1 =  <G_0 () (e.1)>;
}


G_0 {
 (e.1) () =  e.1;
 (e.1) ('A' e.2) =  <G_0 (e.1 'C') (e.2)>;
 (e.1) ('B' e.2) =  <G_0 (e.1 'C') (e.2)>;
 (e.1) (s.1 e.2) =  <G_0 (e.1 s.1) (e.2)>;
}
*/

/*
 Произошло слияние двух циклов в один.
*/
