/*
 Проверка, содержит ли порождаемая алгоритмом замены всех термов на 'A' букву 'B'. 
 Алгоритм замены работает с начала строки, алгоритм проверки - с конца.
 Тест на порождение обобщением уравнений.
*/

$ENTRY Go {
 e.x = <Check <F e.x>>;
}

F {
         = ;
 t.1 e.1 = 'A' <F e.1>;
}

Check {
  = 'T';
 e.1 'B' = 'F';
 e.Z t.1 = <Check e.Z>;
}
